Freezer Contents Test:

Ice Cream[0] = Tastey
Ice Cream[1] = Lite
