Name: Rull Guud Flavor: Bumpin Brogrammer Cost: 2.50