

<!DOCTYPE html>

<html>
	<head><base href="http://localhost:3235/IceCreamFreezer">
		<title>This is a simple view</title>
	</head>
	<body>
		<div>
			<p>Makin gud websites</p>  
		</div>
	</body>
</html>